01-01 03:09:24.074 D/ADB_SERVICES(  150): adb fdevent_process list (15) (17) 
01-01 03:09:24.074 W/ADB_SERVICES(  150): create_local_service_socket() name=shell:cat /sys/bus/i2c/devices/0-0038/ftscheckcalib
01-01 03:09:24.074 W/ADB_SERVICES(  150): service_to_fd() name=shell:cat /sys/bus/i2c/devices/0-0038/ftscheckcalib
01-01 03:09:24.075 W/ADB_SERVICES(  150): read_meminfo() mem_free=1869636
01-01 03:09:24.076 W/ADB_SERVICES(  150): create_subprocess() ret_fd=17 pid=200
01-01 03:09:24.076 W/ADB_SERVICES(  150): LS(2): bound to 'shell:cat /sys/bus/i2c/devices/0-0038/ftscheckcalib' via 17
01-01 03:09:24.220 E/sdcard  (  144): missing packages.list; retrying
01-01 03:09:27.220 E/sdcard  (  144): missing packages.list; retrying
01-01 03:09:30.220 E/sdcard  (  144): missing packages.list; retrying
01-01 03:09:33.221 E/sdcard  (  144): missing packages.list; retrying
01-01 03:09:33.899 D/ADB_SERVICES(  150): adb fdevent_process list (17) 
01-01 03:09:33.899 D/ADB_SERVICES(  150): adb socket read list (17) 
01-01 03:09:33.899 D/ADB_SERVICES(  150): read_data=18
01-01 03:09:33.900 D/ADB_SERVICES(  150): max_read_time=0.000088 max_send_time=0.000089 
01-01 03:09:33.900 D/ADB_SERVICES(  150):  closing because is_eof=1 r=1 s->fde.force_eof=0
01-01 03:09:33.900 W/ADB_SERVICES(  150): entered. LS(2) fd=17
01-01 03:09:34.078 W/ADB_SERVICES(  150): create_local_service_socket() name=shell:echo 82 > /sys/bus/i2c/devices/0-0038/ftstprwreg
01-01 03:09:34.078 W/ADB_SERVICES(  150): service_to_fd() name=shell:echo 82 > /sys/bus/i2c/devices/0-0038/ftstprwreg
01-01 03:09:34.079 W/ADB_SERVICES(  150): read_meminfo() mem_free=1869720
01-01 03:09:34.080 W/ADB_SERVICES(  150): create_subprocess() ret_fd=17 pid=206
01-01 03:09:34.080 W/ADB_SERVICES(  150): LS(3): bound to 'shell:echo 82 > /sys/bus/i2c/devices/0-0038/ftstprwreg' via 17
01-01 03:09:34.080 D/ADB_SERVICES(  150): adb local_socket_ready list (17) 
01-01 03:09:34.088 D/ADB_SERVICES(  150):  closing because is_eof=1 r=-1 s->fde.force_eof=0
01-01 03:09:34.088 W/ADB_SERVICES(  150): entered. LS(3) fd=17
01-01 03:09:34.632 W/ADB_SERVICES(  150): create_local_service_socket() name=shell:cat /proc/kmsg lgrep regitster
01-01 03:09:34.632 W/ADB_SERVICES(  150): service_to_fd() name=shell:cat /proc/kmsg lgrep regitster
01-01 03:09:34.632 W/ADB_SERVICES(  150): read_meminfo() mem_free=1869416
01-01 03:09:34.634 W/ADB_SERVICES(  150): create_subprocess() ret_fd=17 pid=207
01-01 03:09:34.634 W/ADB_SERVICES(  150): LS(4): bound to 'shell:cat /proc/kmsg lgrep regitster' via 17
01-01 03:09:36.221 E/sdcard  (  144): missing packages.list; retrying
01-01 03:09:37.927 D/ADB_SERVICES(  150): recv: CNXN 01000000 00001000 0007 host::
01-01 03:09:37.927 D/ADB_SERVICES(  150): adb: offline
01-01 03:09:37.927 D/ADB_SERVICES(  150): (null): run_transport_disconnects fd: 16
01-01 03:09:37.927 W/ADB_SERVICES(  150): entered. LS(4) fd=17
01-01 03:09:37.928 D/ADB_SERVICES(  150): adb: online
01-01 03:09:37.928 D/ADB_SERVICES(  150): Calling send_connect 
01-01 03:09:39.221 E/sdcard  (  144): missing packages.list; retrying
01-01 03:09:41.919 D/ADB_SERVICES(  150): adb fdevent_process list (15) (17) 
01-01 03:09:41.919 W/ADB_SERVICES(  150): create_local_service_socket() name=shell:cat /sys/bus/i2c/devices/0-0038/ftscheckcalib
01-01 03:09:41.919 W/ADB_SERVICES(  150): service_to_fd() name=shell:cat /sys/bus/i2c/devices/0-0038/ftscheckcalib
01-01 03:09:41.920 W/ADB_SERVICES(  150): read_meminfo() mem_free=1869324
01-01 03:09:41.921 W/ADB_SERVICES(  150): create_subprocess() ret_fd=17 pid=209
01-01 03:09:41.921 W/ADB_SERVICES(  150): LS(5): bound to 'shell:cat /sys/bus/i2c/devices/0-0038/ftscheckcalib' via 17
01-01 03:09:41.921 D/ADB_SERVICES(  150): adb local_socket_ready list (17) 
01-01 03:09:42.221 E/sdcard  (  144): missing packages.list; retrying
01-01 03:09:45.222 E/sdcard  (  144): missing packages.list; retrying
01-01 03:09:48.222 E/sdcard  (  144): missing packages.list; retrying
01-01 03:09:51.222 E/sdcard  (  144): missing packages.list; retrying
01-01 03:09:51.705 D/ADB_SERVICES(  150): adb fdevent_process list (17) 
01-01 03:09:51.705 D/ADB_SERVICES(  150): adb socket read list (17) 
01-01 03:09:51.705 D/ADB_SERVICES(  150): read_data=235482
01-01 03:09:51.705 D/ADB_SERVICES(  150): max_read_time=0.013104 max_send_time=0.000914 
01-01 03:09:51.705 D/ADB_SERVICES(  150):  closing because is_eof=1 r=1 s->fde.force_eof=0
01-01 03:09:51.705 W/ADB_SERVICES(  150): entered. LS(5) fd=17
01-01 03:09:51.934 W/ADB_SERVICES(  150): create_local_service_socket() name=sync:
01-01 03:09:51.934 W/ADB_SERVICES(  150): service_to_fd() name=sync:
01-01 03:09:51.934 W/ADB_SERVICES(  150): LS(6): bound to 'sync:' via 17
01-01 03:09:51.935 D/ADB_SERVICES(  150): adb local_socket_ready list (17) 
01-01 03:09:51.935 D/ADB_SERVICES(  150): adb socket write list (17) 
01-01 03:09:51.935 D/ADB_SERVICES(  150): write_data=8
01-01 03:09:51.954 D/ADB_SERVICES(  150):  closing because is_eof=1 r=0 s->fde.force_eof=0
01-01 03:09:51.954 W/ADB_SERVICES(  150): entered. LS(6) fd=17
01-01 03:09:54.222 E/sdcard  (  144): missing packages.list; retrying
01-01 03:09:54.423 W/ADB_SERVICES(  150): create_local_service_socket() name=shell:dmesg
01-01 03:09:54.423 W/ADB_SERVICES(  150): service_to_fd() name=shell:dmesg
01-01 03:09:54.424 W/ADB_SERVICES(  150): read_meminfo() mem_free=1869276
01-01 03:09:54.425 W/ADB_SERVICES(  150): create_subprocess() ret_fd=17 pid=216
01-01 03:09:54.425 W/ADB_SERVICES(  150): LS(7): bound to 'shell:dmesg' via 17
01-01 03:09:54.960 D/ADB_SERVICES(  150):  closing because is_eof=1 r=-1 s->fde.force_eof=0
01-01 03:09:54.960 W/ADB_SERVICES(  150): entered. LS(7) fd=17
01-01 03:09:56.498 W/ADB_SERVICES(  150): create_local_service_socket() name=shell:export ANDROID_LOG_TAGS="" ; exec logcat -v time
01-01 03:09:56.498 W/ADB_SERVICES(  150): service_to_fd() name=shell:export ANDROID_LOG_TAGS="" ; exec logcat -v time
01-01 03:09:56.498 W/ADB_SERVICES(  150): read_meminfo() mem_free=1869276
01-01 03:09:56.500 W/ADB_SERVICES(  150): create_subprocess() ret_fd=17 pid=218
01-01 03:09:56.500 W/ADB_SERVICES(  150): LS(8): bound to 'shell:export ANDROID_LOG_TAGS="" ; exec logcat -v time' via 17
01-01 03:09:56.705 D/ADB_SERVICES(  150): adb fdevent_process list (15) (17) 
01-01 03:09:56.706 D/ADB_SERVICES(  150): adb socket read list (17) 
01-01 03:09:56.706 D/ADB_SERVICES(  150): read_data=333503
01-01 03:09:56.706 D/ADB_SERVICES(  150): max_read_time=0.007944 max_send_time=0.000512 
01-01 03:09:57.223 E/sdcard  (  144): missing packages.list; retrying
01-01 03:09:57.230 D/ADB_SERVICES(  150): adb local_socket_ready list (17) 
